// Jest Snapshot v1, https://goo.gl/fbAQLP

exports[`formula assistant appearance simple snapshot with =FUNC1( 1`] = `
<div
  class="o-formula-assistant-container shadow"
  tabindex="-1"
>
  <div
    class="o-formula-assistant bg-white"
  >
    <div
      class="o-formula-assistant-head d-flex flex-row justify-content-between"
    >
      <div>
        <span>
          FUNC1 ( 
        </span>
        <span
          class="o-formula-assistant-focus"
        >
          f1ArgA
        </span>
        <span>
          , 
        </span>
        <span>
          f1ArgB
        </span>
        <span>
           )
        </span>
        
      </div>
      <div
        class="collapsor px-2 d-flex align-items-center rounded collapsed"
      >
        <span
          class="collapsor-arrow d-inline-block"
        >
          <svg
            class="o-icon"
            fill="currentColor"
            viewBox="0 0 16 16"
            xmlns="http://www.w3.org/2000/svg"
          >
            <path
              d="M1.646 4.646a.5.5 0 0 1 .708 0L8 10.293l5.646-5.647a.5.5 0 0 1 .708.708l-6 6a.5.5 0 0 1-.708 0l-6-6a.5.5 0 0 1 0-.708"
              fill-rule="evenodd"
            />
          </svg>
        </span>
      </div>
    </div>
    <div
      class="os-collapse d-none"
    >
      <div
        class="o-formula-assistant-core pb-3 m-3 border-bottom"
      >
        <div
          class="o-formula-assistant-gray"
        >
          ABOUT
        </div>
        <div>
          func1 def
        </div>
      </div>
      <div
        class="o-formula-assistant-arg p-3 pt-0 display-flex flex-column o-formula-assistant-gray"
      >
        <div
          class="o-formula-assistant-focus"
        >
          
          <span>
            <span>
              f1ArgA
            </span>
          </span>
          
          
          
        </div>
        <div
          class="o-formula-assistant-arg-description"
        >
          f1 ArgA def
        </div>
      </div>
      <div
        class="o-formula-assistant-arg p-3 pt-0 display-flex flex-column o-formula-assistant-gray"
      >
        <div>
          
          <span>
            <span>
              f1ArgB
            </span>
          </span>
          
          
          
        </div>
        <div
          class="o-formula-assistant-arg-description"
        >
          f1 ArgB def
        </div>
      </div>
      
    </div>
    
  </div>
</div>
`;
