// Jest Snapshot v1, https://goo.gl/fbAQLP

exports[`UI of conditional formats Conditional formatting list panel simple snapshot 1`] = `
<div
  class="o-spreadsheet"
>
  <div
    class="o-cf-preview-list h-100 overflow-auto"
  >
    <div
      class="o-cf-preview-container d-flex position-relative"
      style=""
    >
      <div
        class="o-cf-preview w-100 d-flex align-items-center border-bottom"
        data-id="1"
      >
        <div
          class="o-cf-drag-handle h-100 position-absolute d-flex align-items-center o-button-icon"
        >
          <svg
            class="o-icon"
            fill="currentColor"
            viewBox="0 0 4 16"
            xmlns="http://www.w3.org/2000/svg"
          >
            <circle
              cx="2"
              cy="3.5"
              r="1"
            />
            <circle
              cx="2"
              cy="6.5"
              r="1"
            />
            <circle
              cx="2"
              cy="9.5"
              r="1"
            />
            <circle
              cx="2"
              cy="12.5"
              r="1"
            />
          </svg>
        </div>
        
        <div
          class="o-cf-preview-icon d-flex justify-content-around align-items-center me-3 flex-shrink-0 border"
          style="background:#FF0000; "
        >
           123 
        </div>
        
        <div
          class="o-cf-preview-description me-3 overflow-auto"
        >
          <div
            class="o-cf-preview-ruletype"
          >
            <div
              class="o-cf-preview-description-rule o-fw-bold text-truncate"
            >
              Value is equal to 2
            </div>
          </div>
          <div
            class="o-cf-preview-range text-truncate"
          >
            A1:A2
          </div>
        </div>
        <div
          class="o-cf-delete ms-auto"
        >
          <div
            class="o-cf-delete-button o-button-icon"
            title="Remove rule"
          >
            <svg
              class="o-icon"
              fill="currentColor"
              viewBox="0 0 16 16"
              xmlns="http://www.w3.org/2000/svg"
            >
              <path
                d="M5.5 5.5A.5.5 0 0 1 6 6v6a.5.5 0 0 1-1 0V6a.5.5 0 0 1 .5-.5m2.5 0a.5.5 0 0 1 .5.5v6a.5.5 0 0 1-1 0V6a.5.5 0 0 1 .5-.5m3 .5a.5.5 0 0 0-1 0v6a.5.5 0 0 0 1 0z"
              />
              <path
                d="M14.5 3a1 1 0 0 1-1 1H13v9a2 2 0 0 1-2 2H5a2 2 0 0 1-2-2V4h-.5a1 1 0 0 1-1-1V2a1 1 0 0 1 1-1H6a1 1 0 0 1 1-1h2a1 1 0 0 1 1 1h3.5a1 1 0 0 1 1 1zM4.118 4 4 4.059V13a1 1 0 0 0 1 1h6a1 1 0 0 0 1-1V4.059L11.882 4zM2.5 3h11V2h-11z"
              />
            </svg>
          </div>
        </div>
      </div>
    </div>
    <div
      class="o-cf-preview-container d-flex position-relative"
      style=""
    >
      <div
        class="o-cf-preview w-100 d-flex align-items-center border-bottom"
        data-id="2"
      >
        <div
          class="o-cf-drag-handle h-100 position-absolute d-flex align-items-center o-button-icon"
        >
          <svg
            class="o-icon"
            fill="currentColor"
            viewBox="0 0 4 16"
            xmlns="http://www.w3.org/2000/svg"
          >
            <circle
              cx="2"
              cy="3.5"
              r="1"
            />
            <circle
              cx="2"
              cy="6.5"
              r="1"
            />
            <circle
              cx="2"
              cy="9.5"
              r="1"
            />
            <circle
              cx="2"
              cy="12.5"
              r="1"
            />
          </svg>
        </div>
        
        <div
          class="o-cf-preview-icon d-flex justify-content-around align-items-center me-3 flex-shrink-0 border"
          style="background-image: linear-gradient(to right, #FF00FF, #123456)"
        >
           123 
        </div>
        
        <div
          class="o-cf-preview-description me-3 overflow-auto"
        >
          <div
            class="o-cf-preview-ruletype"
          >
            <div
              class="o-cf-preview-description-rule o-fw-bold text-truncate"
            >
              Color scale
            </div>
          </div>
          <div
            class="o-cf-preview-range text-truncate"
          >
            B1:B5
          </div>
        </div>
        <div
          class="o-cf-delete ms-auto"
        >
          <div
            class="o-cf-delete-button o-button-icon"
            title="Remove rule"
          >
            <svg
              class="o-icon"
              fill="currentColor"
              viewBox="0 0 16 16"
              xmlns="http://www.w3.org/2000/svg"
            >
              <path
                d="M5.5 5.5A.5.5 0 0 1 6 6v6a.5.5 0 0 1-1 0V6a.5.5 0 0 1 .5-.5m2.5 0a.5.5 0 0 1 .5.5v6a.5.5 0 0 1-1 0V6a.5.5 0 0 1 .5-.5m3 .5a.5.5 0 0 0-1 0v6a.5.5 0 0 0 1 0z"
              />
              <path
                d="M14.5 3a1 1 0 0 1-1 1H13v9a2 2 0 0 1-2 2H5a2 2 0 0 1-2-2V4h-.5a1 1 0 0 1-1-1V2a1 1 0 0 1 1-1H6a1 1 0 0 1 1-1h2a1 1 0 0 1 1 1h3.5a1 1 0 0 1 1 1zM4.118 4 4 4.059V13a1 1 0 0 0 1 1h6a1 1 0 0 0 1-1V4.059L11.882 4zM2.5 3h11V2h-11z"
              />
            </svg>
          </div>
        </div>
      </div>
    </div>
    
    
    <div
      class="o-button-link p-4 o-cf-add float-end"
    >
       + Add another rule 
    </div>
  </div>
</div>
`;
